#4D9375        import
#DBD7CACC       
#BD976A        ballerina
#DBD7CACC      /
#BD976A        io
#444444        ;
#758575DD      // This function definition has two parameters of type `int`. 
#758575DD      // `returns` clause specifies type of return value.
#4D9375        function
#DBD7CACC       
#80A665        add
#444444        (
#5DA994        int
#DBD7CACC       
#BD976A        x
#444444        ,
#DBD7CACC       
#5DA994        int
#DBD7CACC       
#BD976A        y
#444444        )
#DBD7CACC       
#4D9375        returns
#DBD7CACC       
#5DA994        int
#DBD7CACC       
#444444        {
#DBD7CACC          
#5DA994        int
#DBD7CACC       
#BD976A        sum
#DBD7CACC       
#444444        =
#DBD7CACC       
#BD976A        x
#DBD7CACC       
#CB7676        +
#DBD7CACC       
#BD976A        y
#444444        ;
#DBD7CACC          
#758575DD      // `return` statement returns a value.
#DBD7CACC          
#4D9375        return
#DBD7CACC       
#BD976A        sum
#444444        ;
#444444        }
#4D9375        public
#DBD7CACC       
#4D9375        function
#DBD7CACC       
#80A665        main
#444444        ()
#DBD7CACC       
#444444        {
#DBD7CACC          
#BD976A        io
#444444        :
#80A665        println
#444444        (
#BD976A        add
#444444        (
#4C9A91        5
#444444        , 
#4C9A91        11
#444444        ));
#444444        }
#4D9375        import
#DBD7CACC       
#BD976A        ballerina
#DBD7CACC      /
#BD976A        io
#444444        ;
#758575DD      // This function definition has two parameters of type `int`. 
#758575DD      // `returns` clause specifies type of return value.
#4D9375        function
#DBD7CACC       
#80A665        add
#444444        (
#5DA994        int
#DBD7CACC       
#BD976A        x
#444444        ,
#DBD7CACC       
#5DA994        int
#DBD7CACC       
#BD976A        y
#444444        )
#DBD7CACC       
#4D9375        returns
#DBD7CACC       
#5DA994        int
#DBD7CACC       
#444444        {
#DBD7CACC          
#5DA994        int
#DBD7CACC       
#BD976A        sum
#DBD7CACC       
#444444        =
#DBD7CACC       
#BD976A        x
#DBD7CACC       
#CB7676        +
#DBD7CACC       
#BD976A        y
#444444        ;
#DBD7CACC          
#758575DD      // `return` statement returns a value.
#DBD7CACC          
#4D9375        return
#DBD7CACC       
#BD976A        sum
#444444        ;
#444444        }
#4D9375        public
#DBD7CACC       
#4D9375        function
#DBD7CACC       
#80A665        main
#444444        ()
#DBD7CACC       
#444444        {
#DBD7CACC          
#BD976A        io
#444444        :
#80A665        println
#444444        (
#BD976A        add
#444444        (
#4C9A91        5
#444444        , 
#4C9A91        11
#444444        ));
#444444        }
#758575DD      // From https://ballerina.io/learn/by-example/functions