#4C9A91        2012
#444444        -
#4C9A91        11
#444444        -
#4C9A91        03
#DBD7CACC       
#B8A965        *
#DBD7CACC       
#C98A7D        "Transfer to pay credit card"
#DBD7CACC        
#C99076        Assets
#444444        :
#BD976A        MyBank:Checking
#DBD7CACC                  
#CB7676        -
#4C9A91        400.00
#DBD7CACC       
#5DA994        USD
#DBD7CACC        
#C99076        Liabilities
#444444        :
#BD976A        CreditCard
#DBD7CACC                   
#4C9A91        400.00
#DBD7CACC       
#5DA994        USD
#4C9A91        2012
#444444        -
#4C9A91        11
#444444        -
#4C9A91        03
#DBD7CACC       
#B8A965        *
#DBD7CACC       
#C98A7D        "Transfer to account in Canada"
#DBD7CACC        
#C99076        Assets
#444444        :
#BD976A        MyBank:Checking
#DBD7CACC                  
#CB7676        -
#4C9A91        400.00
#DBD7CACC       
#5DA994        USD
#DBD7CACC       
#444444        @
#DBD7CACC       
#4C9A91        1.09
#DBD7CACC       
#5DA994        CAD
#DBD7CACC        
#C99076        Assets
#444444        :
#BD976A        FR:SocGen:Checking
#DBD7CACC                
#4C9A91        436.01
#DBD7CACC       
#5DA994        CAD
#758575DD      ; https://beancount.github.io/docs/beancount_language_syntax.html#costs-and-prices