#758575DD      % This file was created with JabRef 2.10.
#758575DD      % Encoding: UTF8
#444444        @
#4D9375        Inproceedings
#444444        {
#5DA994        NN2006-Supporting
#DBD7CACC      ,
#DBD7CACC        
#B8A965        Title
#DBD7CACC                          
#444444        =
#DBD7CACC       
#C98A7D77      {
#444444        {
#DBD7CACC      Supporting...
#444444        }
#C98A7D77      }
#DBD7CACC      ,
#DBD7CACC        
#B8A965        Author
#DBD7CACC                         
#444444        =
#DBD7CACC       
#C98A7D77      {
#DBD7CACC      N. N. and X. X.
#C98A7D77      }
#DBD7CACC      ,
#DBD7CACC        
#B8A965        Year
#DBD7CACC                           
#444444        =
#DBD7CACC       
#C98A7D77      {
#DBD7CACC      2006
#C98A7D77      }
#DBD7CACC      ,
#DBD7CACC        
#B8A965        Month
#DBD7CACC                          
#444444        =
#DBD7CACC       
#C98A7D77      {
#DBD7CACC      8,
#C98A7D77      }
#DBD7CACC      ,
#DBD7CACC        
#B8A965        Owner
#DBD7CACC                          
#444444        =
#DBD7CACC       
#C98A7D77      {
#DBD7CACC      xxx
#C98A7D77      }
#DBD7CACC      ,
#DBD7CACC        
#B8A965        Timestamp
#DBD7CACC                      
#444444        =
#DBD7CACC       
#C98A7D77      {
#DBD7CACC      2010.01.01
#C98A7D77      }
#444444        }
#444444        @
#4D9375        Book
#444444        {
#5DA994        NN1997-Entwurf
#DBD7CACC      ,
#DBD7CACC        
#B8A965        Title
#DBD7CACC                          
#444444        =
#DBD7CACC       
#C98A7D77      {
#DBD7CACC      Entwurf...
#C98A7D77      }
#DBD7CACC      ,
#DBD7CACC        
#B8A965        Publisher
#DBD7CACC                      
#444444        =
#DBD7CACC       
#C98A7D77      {
#DBD7CACC      Org
#C98A7D77      }
#DBD7CACC      ,
#DBD7CACC        
#B8A965        Year
#DBD7CACC                           
#444444        =
#DBD7CACC       
#C98A7D77      {
#DBD7CACC      1997
#C98A7D77      }
#DBD7CACC      ,
#DBD7CACC        
#B8A965        Month
#DBD7CACC                          
#444444        =
#DBD7CACC       
#B8A965        oct
#DBD7CACC      ,
#DBD7CACC        
#B8A965        Owner
#DBD7CACC                          
#444444        =
#DBD7CACC       
#C98A7D77      {
#DBD7CACC      xx
#C98A7D77      }
#DBD7CACC      ,
#DBD7CACC        
#B8A965        Timestamp
#DBD7CACC                      
#444444        =
#DBD7CACC       
#C98A7D77      {
#DBD7CACC      2006.06.12
#C98A7D77      }
#DBD7CACC      ,
#444444        }
#758575DD      @comment{jabref-meta: fileDirectory:Folder;}
#758575DD      % From https://github.com/JabRef/jabref/blob/main/src/test/resources/testbib/bug1283.bib