#758575DD      # Assignment:
#BD976A        number
#DBD7CACC         
#444444        =
#DBD7CACC       
#4C9A91        42
#BD976A        opposite
#DBD7CACC       
#444444        =
#DBD7CACC       
#4D9375        true
#758575DD      # Conditions:
#BD976A        number
#DBD7CACC       
#444444        =
#DBD7CACC       
#CB7676        -
#4C9A91        42
#DBD7CACC       
#4D9375        if
#DBD7CACC       opposite
#758575DD      # Functions:
#80A665        square
#DBD7CACC       
#444444        =
#DBD7CACC       
#444444        (
#DBD7CACC      x
#444444        )
#DBD7CACC       
#CB7676        ->
#DBD7CACC       x 
#CB7676        *
#DBD7CACC       x
#758575DD      # Arrays:
#BD976A        list
#DBD7CACC       
#444444        =
#DBD7CACC       
#444444        [
#4C9A91        1
#444444        ,
#DBD7CACC       
#4C9A91        2
#444444        ,
#DBD7CACC       
#4C9A91        3
#444444        ,
#DBD7CACC       
#4C9A91        4
#444444        ,
#DBD7CACC       
#4C9A91        5
#444444        ]
#758575DD      # Objects:
#BD976A        math
#DBD7CACC       
#444444        =
#DBD7CACC        
#BD976A        root
#444444        :
#DBD7CACC         
#B8A965        Math
#444444        .
#BD976A        sqrt
#DBD7CACC        
#BD976A        square
#444444        :
#DBD7CACC       square
#DBD7CACC        
#80A665        cube
#444444        :
#DBD7CACC         
#444444        (
#DBD7CACC      x
#444444        )
#DBD7CACC       
#CB7676        ->
#DBD7CACC       x 
#CB7676        *
#DBD7CACC       
#80A665        square
#DBD7CACC       x
#758575DD      # Splats:
#80A665        race
#DBD7CACC       
#444444        =
#DBD7CACC       
#444444        (
#DBD7CACC      winner
#444444        ,
#DBD7CACC       runners
#CB7676        ...
#444444        )
#DBD7CACC       
#CB7676        ->
#DBD7CACC        
#80A665        print
#DBD7CACC       winner
#444444        ,
#DBD7CACC       runners
#758575DD      # Existence:
#80A665        alert
#DBD7CACC       
#C98A7D77      "
#C98A7D        I knew it!
#C98A7D77      "
#DBD7CACC       
#4D9375        if
#DBD7CACC       elvis
#CB7676        ?
#758575DD      # Array comprehensions:
#BD976A        cubes
#DBD7CACC       
#444444        =
#DBD7CACC       
#444444        (
#BD976A        math
#444444        .
#80A665        cube
#DBD7CACC       num 
#4D9375        for
#DBD7CACC       num 
#4D9375        in
#DBD7CACC       list
#444444        )
#758575DD      # From https://coffeescript.org/#overview