#4D9375        type
#DBD7CACC       
#5DA994        Customer
#4D9375        (
#BD976A        firstName
#4D9375        ,
#DBD7CACC       
#BD976A        middleInitial
#4D9375        ,
#DBD7CACC       
#BD976A        lastName
#4D9375        )
#DBD7CACC       
#4D9375        =
#DBD7CACC       
#DBD7CACC          
#4D9375        member
#DBD7CACC       
#BD976A        this.FirstName
#DBD7CACC       
#4D9375        =
#DBD7CACC       firstName
#DBD7CACC          
#4D9375        member
#DBD7CACC       
#BD976A        this.MiddleInitial
#DBD7CACC       
#4D9375        =
#DBD7CACC       middleInitial
#DBD7CACC          
#4D9375        member
#DBD7CACC       
#BD976A        this.LastName
#DBD7CACC       
#4D9375        =
#DBD7CACC       lastName
#DBD7CACC          
#4D9375        member
#DBD7CACC       
#BD976A        this.SayFullName
#4D9375        ()
#DBD7CACC       
#4D9375        =
#DBD7CACC              $
#C98A7D77      "
#C98A7D        {this.FirstName} {this.MiddleInitial} {this.LastName}
#C98A7D77      "
#4D9375        let
#DBD7CACC       
#BD976A        customer
#DBD7CACC       
#4D9375        =
#DBD7CACC       Customer
#4D9375        (
#C98A7D77      "
#C98A7D        Emillia
#C98A7D77      "
#4D9375        ,
#DBD7CACC       
#C98A7D77      "
#C98A7D        C
#C98A7D77      "
#4D9375        ,
#DBD7CACC       
#C98A7D77      "
#C98A7D        Miller
#C98A7D77      "
#4D9375        )
#DBD7CACC      printfn $
#C98A7D77      "
#C98A7D        Hello, I'm {customer.SayFullName()}!
#C98A7D77      "
#758575DD      // From https://dotnet.microsoft.com/languages/fsharp