#4D9375        import
#DBD7CACC       gleam
#CB7676        /
#DBD7CACC      io
#4D9375        pub
#DBD7CACC       
#4D9375        fn
#DBD7CACC       
#80A665        main
#DBD7CACC      () {
#DBD7CACC        io.
#80A665        println
#DBD7CACC      (
#C98A7D        "hello, friend!"
#DBD7CACC      )
#DBD7CACC      }