#DBD7CACC      import type { TemplateOnlyComponent } from '@glimmer/component';
#DBD7CACC      const Greet: TemplateOnlyComponent<{ name: string }> = 
#444444        <
#4D9375        template
#444444        >
#DBD7CACC        
#444444        <
#4D9375        p
#444444        >
#DBD7CACC      Hello, 
#CB7676        {{
#C99076        @
#B8A965        name
#CB7676        }}
#DBD7CACC      !
#444444        </
#4D9375        p
#444444        >
#444444        </
#4D9375        template
#444444        >
#DBD7CACC      // From https://rfcs.emberjs.com/id/0779-first-class-component-templates