#4D9375        query
#444444        (
#BD976A        $number_of_repos
#444444        :
#CB7676        Int!
#444444        )
#DBD7CACC       
#444444        {
#DBD7CACC        
#BD976A        viewer
#DBD7CACC       
#444444        {
#DBD7CACC          
#BD976A        name
#DBD7CACC           
#BD976A        repositories
#444444        (
#BD976A        last
#444444        :
#DBD7CACC       
#BD976A        $number_of_repos
#444444        )
#DBD7CACC       
#444444        {
#DBD7CACC             
#BD976A        nodes
#DBD7CACC       
#444444        {
#DBD7CACC               
#BD976A        name
#DBD7CACC             
#444444        }
#DBD7CACC           
#444444        }
#DBD7CACC         
#444444        }
#444444        }
#80A665        variables
#DBD7CACC       
#444444        {
#DBD7CACC         
#444444        "
#758575DD      number_of_repos"
#DBD7CACC      : 3
#444444        }
#758575DD      # From https://docs.github.com/en/graphql/guides/forming-calls-with-graphql