#444444        <!
#4D9375        DOCTYPE
#DBD7CACC       
#BD976A        html
#444444        >
#444444        <
#4D9375        html
#DBD7CACC       
#BD976A        lang
#444444        =
#C98A7D77      "
#C98A7D        en-us
#C98A7D77      "
#444444        >
#DBD7CACC        
#444444        <
#4D9375        head
#444444        >
#DBD7CACC          
#444444        <
#4D9375        meta
#DBD7CACC       
#BD976A        charset
#444444        =
#C98A7D77      "
#C98A7D        utf-8
#C98A7D77      "
#DBD7CACC       
#444444        />
#DBD7CACC          
#444444        <
#4D9375        meta
#DBD7CACC       
#BD976A        name
#444444        =
#C98A7D77      "
#C98A7D        viewport
#C98A7D77      "
#DBD7CACC       
#BD976A        content
#444444        =
#C98A7D77      "
#C98A7D        width=device-width
#C98A7D77      "
#DBD7CACC       
#444444        />
#DBD7CACC          
#444444        <
#4D9375        title
#444444        >
#DBD7CACC      MDN Web Docs Example: Toggling full-screen mode
#444444        </
#4D9375        title
#444444        >
#DBD7CACC          
#444444        <
#4D9375        link
#DBD7CACC       
#BD976A        rel
#444444        =
#C98A7D77      "
#C98A7D        stylesheet
#C98A7D77      "
#DBD7CACC       
#BD976A        href
#444444        =
#C98A7D77      "
#C98A7D        styles.css
#C98A7D77      "
#444444        >
#444444            <
#4D9375        style
#DBD7CACC       
#BD976A        class
#444444        =
#C98A7D77      "
#C98A7D        editable
#C98A7D77      "
#444444        >
#DBD7CACC              video::backdrop {
#DBD7CACC                background-color: #448;
#DBD7CACC              }
#DBD7CACC          
#444444        </
#4D9375        style
#444444        >
#DBD7CACC          
#758575DD      <!-- import the webpage's javascript file -->
#444444            <
#4D9375        script
#DBD7CACC       
#BD976A        src
#444444        =
#C98A7D77      "
#C98A7D        script.js
#C98A7D77      "
#DBD7CACC       
#BD976A        defer
#444444        ></
#4D9375        script
#444444        >
#DBD7CACC        
#444444        </
#4D9375        head
#444444        >
#DBD7CACC        
#444444        <
#4D9375        body
#444444        >
#DBD7CACC          
#444444        <
#4D9375        section
#DBD7CACC       
#BD976A        class
#444444        =
#C98A7D77      "
#C98A7D        preview
#C98A7D77      "
#444444        >
#DBD7CACC            
#444444        <
#4D9375        video
#DBD7CACC       
#BD976A        controls
#DBD7CACC              
#BD976A        src
#444444        =
#C98A7D77      "
#C98A7D        https://archive.org/download/BigBuckBunny_124/Content/big_buck_bunny_720p_surround.mp4
#C98A7D77      "
#DBD7CACC              
#BD976A        poster
#444444        =
#C98A7D77      "
#C98A7D        https://peach.blender.org/wp-content/uploads/title_anouncement.jpg?x11217
#C98A7D77      "
#DBD7CACC              
#BD976A        width
#444444        =
#C98A7D77      "
#C98A7D        620
#C98A7D77      "
#444444        >
#DBD7CACC              Sorry, your browser doesn't support embedded videos.  Time to upgrade!
#DBD7CACC            
#444444        </
#4D9375        video
#444444        >
#DBD7CACC          
#444444        </
#4D9375        section
#444444        >
#444444        <
#4D9375        textarea
#DBD7CACC       
#BD976A        class
#444444        =
#C98A7D77      "
#C98A7D        playable playable-css
#C98A7D77      "
#DBD7CACC       
#BD976A        style
#444444        =
#C98A7D77      "
#C98A7D        height: 100px;
#C98A7D77      "
#444444        >
#DBD7CACC      video::backdrop {
#DBD7CACC        background-color: #448;
#DBD7CACC      }
#444444        </
#4D9375        textarea
#444444        >
#444444        <
#4D9375        textarea
#DBD7CACC       
#BD976A        class
#444444        =
#C98A7D77      "
#C98A7D        playable playable-html
#C98A7D77      "
#DBD7CACC       
#BD976A        style
#444444        =
#C98A7D77      "
#C98A7D        height: 200px;
#C98A7D77      "
#444444        >
#444444        <
#4D9375        video
#DBD7CACC       
#BD976A        controls
#DBD7CACC        
#BD976A        src
#444444        =
#C98A7D77      "
#C98A7D        https://archive.org/download/BigBuckBunny_124/Content/big_buck_bunny_720p_surround.mp4
#C98A7D77      "
#DBD7CACC        
#BD976A        poster
#444444        =
#C98A7D77      "
#C98A7D        https://peach.blender.org/wp-content/uploads/title_anouncement.jpg?x11217
#C98A7D77      "
#DBD7CACC        
#BD976A        width
#444444        =
#C98A7D77      "
#C98A7D        620
#C98A7D77      "
#444444        >
#DBD7CACC      Sorry, your browser doesn't support embedded videos.  Time to upgrade!
#444444        </
#4D9375        video
#444444        >
#444444        </
#4D9375        textarea
#444444        >
#DBD7CACC          
#444444        <
#4D9375        div
#DBD7CACC       
#BD976A        class
#444444        =
#C98A7D77      "
#C98A7D        playable-buttons
#C98A7D77      "
#444444        >
#DBD7CACC              
#444444        <
#4D9375        input
#444444         
#BD976A        id
#444444        =
#C98A7D77      "
#C98A7D        reset
#C98A7D77      "
#444444         
#BD976A        type
#444444        =
#C98A7D77      "
#C98A7D        button
#C98A7D77      "
#444444         
#BD976A        value
#444444        =
#C98A7D77      "
#C98A7D        Reset
#C98A7D77      "
#444444         />
#DBD7CACC            
#444444        </
#4D9375        div
#444444        >
#DBD7CACC          
#444444        </
#4D9375        body
#444444        >
#444444            <
#4D9375        script
#DBD7CACC       
#BD976A        src
#444444        =
#C98A7D77      "
#C98A7D        playable.js
#C98A7D77      "
#444444        ></
#4D9375        script
#444444        >
#DBD7CACC        
#444444        </
#4D9375        body
#444444        >
#444444        </
#4D9375        html
#444444        >
#758575DD      <!-- From https://github.com/mdn/css-examples/blob/main/backdrop/index.html -->