#4D9375        let
#DBD7CACC       dt = 
#CB7676        datetime
#DBD7CACC      (
#4C9A91        2017
#DBD7CACC      -
#4C9A91        01
#DBD7CACC      -
#4C9A91        29
#DBD7CACC       
#4C9A91        09
#DBD7CACC      :
#4C9A91        00
#DBD7CACC      :
#4C9A91        05
#DBD7CACC      );
#4D9375        print
#DBD7CACC      v1=
#B8A965        format_datetime
#DBD7CACC      (dt,
#C98A7D77      '
#C98A7D        yy-MM-dd [HH:mm:ss]
#C98A7D77      '
#DBD7CACC      ),
#DBD7CACC      v2=
#B8A965        format_datetime
#DBD7CACC      (dt, 
#C98A7D77      '
#C98A7D        yyyy-M-dd [H:mm:ss]
#C98A7D77      '
#DBD7CACC      ),
#DBD7CACC      v3=
#B8A965        format_datetime
#DBD7CACC      (dt, 
#C98A7D77      '
#C98A7D        yy-MM-dd [hh:mm:ss tt]
#C98A7D77      '
#DBD7CACC      )
#758575DD      // From https://learn.microsoft.com/en-us/azure/data-explorer/kusto/query/