#444444        .
#BD976A        button
#DBD7CACC       
#444444        {
#DBD7CACC        
#444444        &
#BD976A        -ok
#DBD7CACC       
#444444        {
#DBD7CACC          
#B8A965        background-image
#444444        :
#DBD7CACC       
#B8A965        url
#444444        (
#C98A7D77      "
#C98A7D        ok.png
#C98A7D77      "
#444444        );
#DBD7CACC        
#444444        }
#DBD7CACC        
#444444        &
#BD976A        -cancel
#DBD7CACC       
#444444        {
#DBD7CACC          
#B8A965        background-image
#444444        :
#DBD7CACC       
#B8A965        url
#444444        (
#C98A7D77      "
#C98A7D        cancel.png
#C98A7D77      "
#444444        );
#DBD7CACC        
#444444        }
#DBD7CACC        
#444444        &
#BD976A        -custom
#DBD7CACC       
#444444        {
#DBD7CACC          
#B8A965        background-image
#444444        :
#DBD7CACC       
#B8A965        url
#444444        (
#C98A7D77      "
#C98A7D        custom.png
#C98A7D77      "
#444444        );
#DBD7CACC        
#444444        }
#444444        }
#444444        .
#BD976A        link
#DBD7CACC       
#444444        {
#DBD7CACC        
#444444        &
#DBD7CACC       
#444444        +
#DBD7CACC       
#444444        &
#DBD7CACC       
#444444        {
#DBD7CACC          
#B8A965        color
#444444        :
#DBD7CACC       
#C99076        red
#444444        ;
#DBD7CACC        
#444444        }
#DBD7CACC        
#444444        &
#DBD7CACC       
#444444        &
#DBD7CACC       
#444444        {
#DBD7CACC          
#B8A965        color
#444444        :
#DBD7CACC       
#C99076        green
#444444        ;
#DBD7CACC        
#444444        }
#DBD7CACC        
#444444        &&
#DBD7CACC       
#444444        {
#DBD7CACC          
#B8A965        color
#444444        :
#DBD7CACC       
#C99076        blue
#444444        ;
#DBD7CACC        
#444444        }
#DBD7CACC        
#444444        &,
#DBD7CACC       
#444444        &
#BD976A        ish
#DBD7CACC       
#444444        {
#DBD7CACC          
#B8A965        color
#444444        :
#DBD7CACC       
#C99076        cyan
#444444        ;
#DBD7CACC        
#444444        }
#444444        }
#758575DD      // From https://lesscss.org/features/#parent-selectors-feature