#758575DD      2018-01-27
#DBD7CACC       
#758575DD      10:38:20.442
#DBD7CACC       [
#4D9375        8988
#DBD7CACC      ] 
#85E89D        INFO
#DBD7CACC        [Bootstrapper]: Hello World
#758575DD      2018-01-27
#DBD7CACC       
#758575DD      10:38:20.443
#DBD7CACC       [
#4D9375        8988
#DBD7CACC      ] 
#85E89D        INFO
#DBD7CACC        [Bootstrapper]: Hello World
#758575DD      2018-01-27
#DBD7CACC       
#758575DD      10:38:25.459
#DBD7CACC       [
#4D9375        8988
#DBD7CACC      ] 
#85E89D        INFO
#DBD7CACC        [Bootstrapper]: Hello World
#758575DD      2018-01-27
#DBD7CACC       
#758575DD      10:38:25.459
#DBD7CACC       [
#4D9375        8988
#DBD7CACC      ] 
#85E89D        INFO
#DBD7CACC        [Bootstrapper]: Hello World
#758575DD      27.01.2018
#DBD7CACC       
#758575DD      19:38:28,982
#DBD7CACC       [
#4D9375        8988
#DBD7CACC      ] Verbose [Application]: Hello World
#758575DD      27.01.2018
#DBD7CACC       
#758575DD      19:38:28,982
#DBD7CACC       [
#4D9375        8988
#DBD7CACC      ] VERBOSE [Application]: Hello World
#758575DD      27.01.2018
#DBD7CACC       
#758575DD      19:38:28,982
#DBD7CACC       [
#4D9375        8988
#DBD7CACC      ] 
#758575DD      [verbose]
#DBD7CACC       [Application]: Hello World
#758575DD      27.01.2018
#DBD7CACC       
#758575DD      19:38:28,982
#DBD7CACC       [
#4D9375        8988
#DBD7CACC      ] verbose: [Application]: Hello World
#758575DD      27.01.2018
#DBD7CACC       
#758575DD      19:38:28,982
#DBD7CACC       [
#4D9375        8988
#DBD7CACC      ] E/Application: It crashed!
#758575DD      27.01.2018
#DBD7CACC       
#758575DD      19:38:28,982
#DBD7CACC       [
#4D9375        8988
#DBD7CACC      ] E/MyService: It crashed!
#758575DD      27.01.2018
#DBD7CACC       
#758575DD      19:38:28,982
#DBD7CACC       [
#4D9375        8988
#DBD7CACC      ] E/Subservice: It crashed!
#DBD7CACC      // From 
#4D9375        https://github.com/emilast/vscode-logfile-highlighter/blob/master/test/integrationtest/testLogs/firstLog.log