#758575DD      --!strict
#4D9375        function
#DBD7CACC       
#80A665        ispositive
#444444        (
#DBD7CACC      x 
#444444        :
#DBD7CACC       
#5DA994        number
#444444        )
#DBD7CACC       : 
#5DA994        string
#DBD7CACC          
#4D9375        if
#DBD7CACC       
#BD976A        x
#DBD7CACC       
#CB7676        >
#DBD7CACC       
#4C9A91        0
#DBD7CACC       
#4D9375        then
#DBD7CACC              
#4D9375        return
#DBD7CACC       
#C98A7D        "yes"
#DBD7CACC          
#4D9375        else
#DBD7CACC              
#4D9375        return
#DBD7CACC       
#C98A7D        "no"
#DBD7CACC          
#4D9375        end
#4D9375        end
#CB7676        local
#DBD7CACC       
#BD976A        result
#DBD7CACC       
#444444        :
#DBD7CACC       
#5DA994        string
#BD976A        result
#DBD7CACC       
#444444        =
#DBD7CACC       
#80A665        ispositive
#444444        (
#4C9A91        1
#444444        )
#758575DD      -- From https://luau-lang.org/getting-started