#DBD7CACC      ```mermaid
#4D9375        graph
#DBD7CACC       
#80A665        TB
#DBD7CACC          
#BD976A        sq
#4D9375        [
#C98A7D        Square shape
#4D9375        ]
#DBD7CACC       
#4D9375        -->
#DBD7CACC       
#BD976A        ci
#4D9375        ((
#C98A7D        Circle shape
#4D9375        ))
#DBD7CACC          
#4D9375        subgraph
#DBD7CACC       
#80A665        A
#DBD7CACC              
#BD976A        od
#4D9375        >
#C98A7D        Odd shape
#4D9375        ]--
#C98A7D         Two line<br/>edge comment 
#4D9375        -->
#DBD7CACC       
#BD976A        ro
#DBD7CACC              
#BD976A        di
#4D9375        {
#C98A7D        Diamond with <br/> line break
#4D9375        }
#DBD7CACC       
#4D9375        -.->
#DBD7CACC       
#BD976A        ro
#4D9375        (
#C98A7D        Rounded<br>square<br>shape
#4D9375        )
#DBD7CACC              
#BD976A        di
#4D9375        ==>
#BD976A        ro2
#4D9375        (
#C98A7D        Rounded square shape
#4D9375        )
#DBD7CACC          
#4D9375        end
#DBD7CACC          
#758575DD      %% Notice that no text in shape are added here instead that is appended further down
#DBD7CACC          
#BD976A        e 
#4D9375        -->
#DBD7CACC       
#BD976A        od3
#4D9375        >
#C98A7D        Really long text with linebreak<br>in an Odd shape
#4D9375        ]
#DBD7CACC          
#758575DD      %% Comments after double percent signs
#DBD7CACC          
#BD976A        e
#4D9375        ((
#C98A7D        Inner / circle<br>and some odd <br>special characters
#4D9375        ))
#DBD7CACC       
#4D9375        -->
#DBD7CACC       
#BD976A        f
#4D9375        (
#C98A7D        ,.?!+
#DBD7CACC      -
#C98A7D        *ز
#4D9375        )
#DBD7CACC          
#BD976A        cyr
#4D9375        [
#C98A7D        Cyrillic
#4D9375        ]-->
#BD976A        cyr2
#4D9375        ((
#C98A7D        Circle shape Начало
#4D9375        ))
#DBD7CACC      ;
#DBD7CACC           
#4D9375        classDef
#DBD7CACC       
#BD976A        green
#DBD7CACC       
#C98A7D        fill:#9f6,stroke:#333,stroke-width:2px;
#DBD7CACC           
#4D9375        classDef
#DBD7CACC       
#BD976A        orange
#DBD7CACC       
#C98A7D        fill:#f96,stroke:#333,stroke-width:4px;
#DBD7CACC           
#4D9375        class
#DBD7CACC       
#BD976A        sq,e
#DBD7CACC       
#C98A7D        green
#DBD7CACC           
#4D9375        class
#DBD7CACC       
#BD976A        di
#DBD7CACC       
#C98A7D        orange
#DBD7CACC      ```
#DBD7CACC      <!-- From https://mermaid.js.org/syntax/examples.html -->