#DBD7CACC      /*
#DBD7CACC       * The following pipeline parameters specify the reference genomes
#DBD7CACC       * and read pairs and can be provided as command line options
#DBD7CACC       */
#DBD7CACC      params.reads = "$baseDir/data/ggal/ggal_gut_{1,2}.fq"
#DBD7CACC      params.transcriptome = "$baseDir/data/ggal/ggal_1_48850000_49020000.Ggal71.500bpflank.fa"
#DBD7CACC      params.outdir = "results"
#DBD7CACC       
#4D9375        workflow
#DBD7CACC       {
#DBD7CACC          read_pairs_ch = channel.fromFilePairs( params.reads, checkIfExists: true )
#DBD7CACC       
#DBD7CACC          INDEX(params.transcriptome)
#DBD7CACC          FASTQC(read_pairs_ch)
#DBD7CACC          QUANT(INDEX.out, read_pairs_ch)
#DBD7CACC      }
#DBD7CACC       
#4D9375        process
#DBD7CACC       
#80A665        INDEX
#DBD7CACC       {
#DBD7CACC          tag "$transcriptome.simpleName"
#DBD7CACC       
#DBD7CACC          
#C99076        input:
#DBD7CACC          
#80A665        path 
#DBD7CACC      transcriptome
#DBD7CACC       
#DBD7CACC          
#C99076        output:
#DBD7CACC          
#80A665        path 
#DBD7CACC      'index'
#DBD7CACC       
#DBD7CACC          
#C99076        script:
#DBD7CACC          """
#DBD7CACC          salmon index --threads $task.cpus -t $transcriptome -i index
#DBD7CACC          """
#DBD7CACC      }
#DBD7CACC       
#4D9375        process
#DBD7CACC       
#80A665        FASTQC
#DBD7CACC       {
#DBD7CACC          tag "FASTQC on $sample_id"
#DBD7CACC          publishDir params.outdir
#DBD7CACC       
#DBD7CACC          
#C99076        input:
#DBD7CACC          
#80A665        tuple val(
#DBD7CACC      sample_id), 
#80A665        path(
#DBD7CACC      reads)
#DBD7CACC       
#DBD7CACC          
#C99076        output:
#DBD7CACC          
#80A665        path 
#DBD7CACC      "fastqc_${sample_id}_logs"
#DBD7CACC       
#DBD7CACC          script:
#DBD7CACC          """
#DBD7CACC          fastqc.sh "$sample_id" "$reads"
#DBD7CACC          """
#DBD7CACC      }
#DBD7CACC       
#4D9375        process
#DBD7CACC       
#80A665        QUANT
#DBD7CACC       {
#DBD7CACC          tag "$pair_id"
#DBD7CACC          publishDir params.outdir
#DBD7CACC       
#DBD7CACC          
#C99076        input:
#DBD7CACC          
#80A665        path 
#DBD7CACC      index
#DBD7CACC          
#80A665        tuple val(
#DBD7CACC      pair_id), 
#80A665        path(
#DBD7CACC      reads)
#DBD7CACC       
#DBD7CACC          
#C99076        output:
#DBD7CACC          
#80A665        path 
#DBD7CACC      pair_id
#DBD7CACC       
#DBD7CACC          
#C99076        script:
#DBD7CACC          """
#DBD7CACC          salmon quant --threads $task.cpus --libType=U -i $index -1 ${reads[0]} -2 ${reads[1]} -o $pair_id
#DBD7CACC          """
#DBD7CACC      }