#4D9375        type
#DBD7CACC        
#B8A965        Animal
#4D9375        *
#DBD7CACC       
#CB7676        =
#DBD7CACC       
#4D9375        object
#DBD7CACC          name
#4D9375        *
#DBD7CACC      , species
#4D9375        *
#CB7676        :
#DBD7CACC       
#CB7676        string
#DBD7CACC          age
#CB7676        :
#DBD7CACC       
#CB7676        int
#4D9375        proc
#DBD7CACC       
#80A665        sleep
#4D9375        *
#DBD7CACC      (a
#CB7676        :
#DBD7CACC       
#4D9375        var
#DBD7CACC       
#B8A965        Animal
#DBD7CACC      ) 
#CB7676        =
#DBD7CACC        a
#CB7676        .
#B8A965        age 
#CB7676        +=
#DBD7CACC       
#4C9A91        1
#4D9375        proc
#DBD7CACC       
#80A665        dead
#4D9375        *
#DBD7CACC      (a
#CB7676        :
#DBD7CACC       
#B8A965        Animal
#DBD7CACC      )
#CB7676        :
#DBD7CACC       
#CB7676        bool
#DBD7CACC       
#CB7676        =
#DBD7CACC        result 
#CB7676        =
#DBD7CACC       a
#CB7676        .
#DBD7CACC      age 
#CB7676        >
#DBD7CACC       
#4C9A91        20
#4D9375        var
#DBD7CACC       carl
#CB7676        :
#DBD7CACC       
#B8A965        Animal
#DBD7CACC      carl 
#CB7676        =
#DBD7CACC       
#B8A965        Animal
#DBD7CACC      (name 
#CB7676        :
#DBD7CACC       
#C98A7D77      "
#C98A7D        Carl
#C98A7D77      "
#DBD7CACC      ,
#DBD7CACC                    species 
#CB7676        :
#DBD7CACC       
#C98A7D77      "
#C98A7D        L. glama
#C98A7D77      "
#DBD7CACC      ,
#DBD7CACC                    age 
#CB7676        :
#DBD7CACC       
#4C9A91        12
#DBD7CACC      )
#4D9375        let
#DBD7CACC       joe 
#CB7676        =
#DBD7CACC       
#B8A965        Animal
#DBD7CACC      (name 
#CB7676        :
#DBD7CACC       
#C98A7D77      "
#C98A7D        Joe
#C98A7D77      "
#DBD7CACC      ,
#DBD7CACC                       species 
#CB7676        :
#DBD7CACC       
#C98A7D77      "
#C98A7D        H. sapiens
#C98A7D77      "
#DBD7CACC      ,
#DBD7CACC                       age 
#CB7676        :
#DBD7CACC       
#4C9A91        23
#DBD7CACC      )
#4D9375        assert
#DBD7CACC      (
#4D9375        not
#DBD7CACC       carl
#CB7676        .
#DBD7CACC      dead)
#4D9375        for
#DBD7CACC       i 
#4D9375        in
#DBD7CACC       
#4C9A91        0
#CB7676        ..
#4C9A91        10
#CB7676        :
#DBD7CACC        carl
#CB7676        .
#B8A965        sleep
#DBD7CACC      ()
#4D9375        assert
#DBD7CACC       carl
#CB7676        .
#DBD7CACC      deadtype
#DBD7CACC        
#B8A965        Animal
#4D9375        *
#DBD7CACC       
#CB7676        =
#DBD7CACC       
#4D9375        object
#DBD7CACC          name
#4D9375        *
#DBD7CACC      , species
#4D9375        *
#CB7676        :
#DBD7CACC       
#CB7676        string
#DBD7CACC          age
#CB7676        :
#DBD7CACC       
#CB7676        int
#4D9375        proc
#DBD7CACC       
#80A665        sleep
#4D9375        *
#DBD7CACC      (a
#CB7676        :
#DBD7CACC       
#4D9375        var
#DBD7CACC       
#B8A965        Animal
#DBD7CACC      ) 
#CB7676        =
#DBD7CACC        a
#CB7676        .
#B8A965        age 
#CB7676        +=
#DBD7CACC       
#4C9A91        1
#4D9375        proc
#DBD7CACC       
#80A665        dead
#4D9375        *
#DBD7CACC      (a
#CB7676        :
#DBD7CACC       
#B8A965        Animal
#DBD7CACC      )
#CB7676        :
#DBD7CACC       
#CB7676        bool
#DBD7CACC       
#CB7676        =
#DBD7CACC        result 
#CB7676        =
#DBD7CACC       a
#CB7676        .
#DBD7CACC      age 
#CB7676        >
#DBD7CACC       
#4C9A91        20
#4D9375        var
#DBD7CACC       carl
#CB7676        :
#DBD7CACC       
#B8A965        Animal
#DBD7CACC      carl 
#CB7676        =
#DBD7CACC       
#B8A965        Animal
#DBD7CACC      (name 
#CB7676        :
#DBD7CACC       
#C98A7D77      "
#C98A7D        Carl
#C98A7D77      "
#DBD7CACC      ,
#DBD7CACC                    species 
#CB7676        :
#DBD7CACC       
#C98A7D77      "
#C98A7D        L. glama
#C98A7D77      "
#DBD7CACC      ,
#DBD7CACC                    age 
#CB7676        :
#DBD7CACC       
#4C9A91        12
#DBD7CACC      )
#4D9375        let
#DBD7CACC       joe 
#CB7676        =
#DBD7CACC       
#B8A965        Animal
#DBD7CACC      (name 
#CB7676        :
#DBD7CACC       
#C98A7D77      "
#C98A7D        Joe
#C98A7D77      "
#DBD7CACC      ,
#DBD7CACC                       species 
#CB7676        :
#DBD7CACC       
#C98A7D77      "
#C98A7D        H. sapiens
#C98A7D77      "
#DBD7CACC      ,
#DBD7CACC                       age 
#CB7676        :
#DBD7CACC       
#4C9A91        23
#DBD7CACC      )
#4D9375        assert
#DBD7CACC      (
#4D9375        not
#DBD7CACC       carl
#CB7676        .
#DBD7CACC      dead)
#4D9375        for
#DBD7CACC       i 
#4D9375        in
#DBD7CACC       
#4C9A91        0
#CB7676        ..
#4C9A91        10
#CB7676        :
#DBD7CACC        carl
#CB7676        .
#B8A965        sleep
#DBD7CACC      ()
#4D9375        assert
#DBD7CACC       carl
#CB7676        .
#DBD7CACC      dead
#758575DD      # From https://nim-by-example.github.io/types/objects/