#DBD7CACC      utop 
#444444        #
#DBD7CACC       
#4D9375        type
#DBD7CACC       
#80A665        person
#DBD7CACC       
#B8A965        =
#DBD7CACC       
#BD976A        {
#DBD7CACC       
#80A665        name
#C4704F        :
#DBD7CACC       string 
#C4704F        ;
#DBD7CACC       
#80A665        age
#C4704F        :
#DBD7CACC       int 
#C4704F        ;
#DBD7CACC       
#80A665        human
#DBD7CACC       
#C4704F        :
#DBD7CACC       bool 
#BD976A        }
#444444        ;;
#4D9375        type
#DBD7CACC       
#80A665        person
#DBD7CACC       
#B8A965        =
#DBD7CACC       
#BD976A        {
#DBD7CACC       
#80A665        name
#DBD7CACC       
#C4704F        :
#DBD7CACC       string
#C4704F        ;
#DBD7CACC       
#80A665        age
#DBD7CACC       
#C4704F        :
#DBD7CACC       int
#C4704F        ;
#DBD7CACC       
#80A665        human
#DBD7CACC       
#C4704F        :
#DBD7CACC       bool
#C4704F        ;
#DBD7CACC       
#BD976A        }
#DBD7CACC      utop # 
#4D9375        let
#DBD7CACC       
#80A665        david
#DBD7CACC       
#B8A965        =
#DBD7CACC       
#BD976A        {
#DBD7CACC       
#80A665        name
#DBD7CACC       
#B8A965        =
#DBD7CACC       
#C98A7D        "david"
#DBD7CACC       
#C4704F        ;
#DBD7CACC       
#80A665        age
#DBD7CACC       
#B8A965        =
#DBD7CACC       
#4C9A91        32
#DBD7CACC       
#C4704F        ;
#DBD7CACC       
#80A665        human
#DBD7CACC       
#B8A965        =
#DBD7CACC       
#BD976A        false
#DBD7CACC       
#BD976A        }
#444444        ;;
#B8A965        val
#DBD7CACC       
#80A665        david
#DBD7CACC       
#C4704F        :
#DBD7CACC       person 
#B8A965        =
#DBD7CACC       
#BD976A        {
#80A665        name
#DBD7CACC       
#B8A965        =
#DBD7CACC       
#C98A7D        "david"
#C4704F        ;
#DBD7CACC       
#80A665        age
#DBD7CACC       
#B8A965        =
#DBD7CACC       
#4C9A91        32
#C4704F        ;
#DBD7CACC       
#80A665        human
#DBD7CACC       
#B8A965        =
#DBD7CACC       
#BD976A        false}
#DBD7CACC      utop 
#4D9375        #
#DBD7CACC       let 
#80A665        mary
#DBD7CACC       
#C4704F        =
#DBD7CACC       
#BD976A        {
#DBD7CACC       
#80A665        david
#DBD7CACC       
#C4704F        with
#DBD7CACC       
#80A665        name
#DBD7CACC       
#B8A965        =
#DBD7CACC       
#C98A7D        "mary"
#DBD7CACC       
#BD976A        }
#444444        ;;
#B8A965        val
#DBD7CACC       
#80A665        mary
#DBD7CACC       
#C4704F        :
#DBD7CACC       person 
#B8A965        =
#DBD7CACC       
#BD976A        {
#80A665        name
#DBD7CACC       
#B8A965        =
#DBD7CACC       
#C98A7D        "mary"
#C4704F        ;
#DBD7CACC       
#80A665        age
#DBD7CACC       
#B8A965        =
#DBD7CACC       
#4C9A91        32
#C4704F        ;
#DBD7CACC       
#80A665        human
#DBD7CACC       
#B8A965        =
#DBD7CACC       
#BD976A        false}
#DBD7CACC      utop 
#4D9375        #
#DBD7CACC       let 
#80A665        toggle_human
#DBD7CACC       
#444444        (
#DBD7CACC      p 
#C4704F        :
#DBD7CACC       person
#444444        )
#DBD7CACC       
#C4704F        =
#DBD7CACC       
#BD976A        {
#DBD7CACC       
#80A665        p
#DBD7CACC       
#C4704F        with
#DBD7CACC       
#80A665        human
#DBD7CACC       
#B8A965        =
#DBD7CACC       not p
#4D9375        .
#80A665        human
#DBD7CACC       
#BD976A        }
#444444        ;;
#B8A965        val
#DBD7CACC       
#80A665        toggle_human
#DBD7CACC       
#C4704F        :
#DBD7CACC       person 
#C4704F        ->
#DBD7CACC       person 
#B8A965        =
#DBD7CACC       
#C4704F        <
#CB7676        fun
#C4704F        >
#C98A7D        utop
#DBD7CACC       
#C4704F        #
#DBD7CACC       let 
#BD976A        ()
#DBD7CACC       
#C4704F        =
#DBD7CACC        let 
#C98A7D        david'
#DBD7CACC       
#C4704F        =
#DBD7CACC       
#C98A7D        toggle_human
#DBD7CACC       
#C98A7D        david
#DBD7CACC       in
#DBD7CACC        if 
#C98A7D        david'
#C4704F        .
#C98A7D        human
#DBD7CACC       then
#DBD7CACC          
#C98A7D        print_endline
#DBD7CACC       
#C98A7D        "david is human"
#DBD7CACC        else
#DBD7CACC          
#C98A7D        print_endline
#DBD7CACC       
#C98A7D        "david is not human"
#C4704F        ;;
#C98A7D        david
#DBD7CACC       
#C98A7D        is
#DBD7CACC       
#C98A7D        human
#79B8FF        (** From https://o1-labs.github.io/ocamlbyexample/basics-records.html *)