#DBD7CACC      DATA TEMP;
#DBD7CACC      INPUT ID $ NAME $ SALARY DEPARTMENT $;
#DBD7CACC      comm = SALARY*0.25;
#DBD7CACC      LABEL ID = 'Employee ID' comm = 'COMMISION';
#DBD7CACC      DATALINES;
#4C9A91        1
#DBD7CACC       Rick 
#4C9A91        623.3
#DBD7CACC       IT
#4C9A91        2
#DBD7CACC       Dan 
#4C9A91        515.2
#DBD7CACC       Operations
#4C9A91        3
#DBD7CACC       Michelle 
#4C9A91        611
#DBD7CACC       IT
#4C9A91        4
#DBD7CACC       Ryan 
#4C9A91        729
#DBD7CACC       HR
#4C9A91        5
#DBD7CACC       Gary 
#4C9A91        843.25
#DBD7CACC       Finance
#4C9A91        6
#DBD7CACC       Nina 
#4C9A91        578
#DBD7CACC       IT
#4C9A91        7
#DBD7CACC       Simon 
#4C9A91        632.8
#DBD7CACC       Operations
#4C9A91        8
#DBD7CACC       Guru 
#4C9A91        722.5
#DBD7CACC       Finance
#DBD7CACC      ;
#DBD7CACC      RUN;
#758575DD      * From https://www.tutorialspoint.com/sas/sas_program_structure.htm