#444444        $
#DBD7CACC       echo $EDITOR
#79B8FF        vim
#444444        $
#DBD7CACC       git checkout main
#79B8FF        Switched to branch 'main'
#79B8FF        Your branch is up-to-date with 'origin/main'.
#444444        $
#DBD7CACC       git push
#79B8FF        Everything up-to-date
#444444        $
#DBD7CACC       echo 'All
#444444        >
#DBD7CACC       done!'
#79B8FF        All
#79B8FF        done!
#444444        #
#DBD7CACC       From https://github.com/highlightjs/highlight.js/blob/fcefad4a6bf99b88c54b2b724ca77466e94c374d/test/detect/shell/default.txt#L4