#758575DD      # This is a TOML document
#BD976A        title
#DBD7CACC       
#444444        =
#DBD7CACC       
#C98A7D77      "
#C98A7D        TOML Example
#C98A7D77      "
#444444        [
#80A665        owner
#444444        ]
#BD976A        name
#DBD7CACC       
#444444        =
#DBD7CACC       
#C98A7D77      "
#C98A7D        Tom Preston-Werner
#C98A7D77      "
#BD976A        dob
#DBD7CACC       
#444444        =
#DBD7CACC       
#C99076        1979-05-27T07:32:00-08:00
#444444        [
#80A665        database
#444444        ]
#BD976A        enabled
#DBD7CACC       
#444444        =
#DBD7CACC       
#4D9375        true
#BD976A        ports
#DBD7CACC       
#444444        =
#DBD7CACC       
#444444        [
#DBD7CACC       
#4C9A91        8000
#444444        ,
#DBD7CACC       
#4C9A91        8001
#444444        ,
#DBD7CACC       
#4C9A91        8002
#DBD7CACC       
#444444        ]
#BD976A        data
#DBD7CACC       
#444444        =
#DBD7CACC       
#444444        [
#DBD7CACC       
#444444        [
#C98A7D77      "
#C98A7D        delta
#C98A7D77      "
#444444        ,
#DBD7CACC       
#C98A7D77      "
#C98A7D        phi
#C98A7D77      "
#444444        ],
#DBD7CACC       
#444444        [
#4C9A91        3.14
#444444        ]
#DBD7CACC       
#444444        ]
#BD976A        temp_targets
#DBD7CACC       
#444444        =
#DBD7CACC       
#444444        {
#DBD7CACC       
#BD976A        cpu
#DBD7CACC       
#444444        =
#DBD7CACC       
#4C9A91        79.5
#444444        ,
#DBD7CACC       
#BD976A        case
#DBD7CACC       
#444444        =
#DBD7CACC       
#4C9A91        72.0
#DBD7CACC       
#444444        }
#444444        [
#80A665        servers
#444444        ]
#444444        [
#80A665        servers
#DBD7CACC      .
#80A665        alpha
#444444        ]
#BD976A        ip
#DBD7CACC       
#444444        =
#DBD7CACC       
#C98A7D77      "
#C98A7D        10.0.0.1
#C98A7D77      "
#BD976A        role
#DBD7CACC       
#444444        =
#DBD7CACC       
#C98A7D77      "
#C98A7D        frontend
#C98A7D77      "
#444444        [
#80A665        servers
#DBD7CACC      .
#80A665        beta
#444444        ]
#BD976A        ip
#DBD7CACC       
#444444        =
#DBD7CACC       
#C98A7D77      "
#C98A7D        10.0.0.2
#C98A7D77      "
#BD976A        role
#DBD7CACC       
#444444        =
#DBD7CACC       
#C98A7D77      "
#C98A7D        backend
#C98A7D77      "
#758575DD      # From https://toml.io/en/