#444444        <!
#DBD7CACC      DOCTYPE html
#444444        >
#444444        <
#4D9375        html
#444444        >
#DBD7CACC          
#444444        <
#4D9375        head
#444444        >
#DBD7CACC              
#444444        <
#4D9375        title
#444444        >
#DBD7CACC      My Webpage
#444444        </
#4D9375        title
#444444        >
#DBD7CACC          
#444444        </
#4D9375        head
#444444        >
#DBD7CACC          
#444444        <
#4D9375        body
#444444        >
#DBD7CACC              
#444444        <
#4D9375        ul
#444444         
#BD976A        id
#444444        =
#C98A7D77      "
#C98A7D        navigation
#C98A7D77      "
#444444        >
#DBD7CACC              
#444444        {%
#DBD7CACC       
#4D9375        for
#DBD7CACC       
#BD976A        item
#DBD7CACC       
#CB7676        in
#DBD7CACC       
#BD976A        navigation
#DBD7CACC       
#444444        %}
#DBD7CACC                  
#444444        <
#4D9375        li
#444444        ><
#4D9375        a
#444444         
#BD976A        href
#444444        =
#C98A7D77      "
#444444        {{
#C98A7D         item
#444444        .
#C98A7D        href 
#444444        }}
#C98A7D77      "
#444444        >{{
#DBD7CACC       
#BD976A        item
#444444        .
#BD976A        caption
#DBD7CACC       
#444444        }}</
#4D9375        a
#444444        ></
#4D9375        li
#444444        >
#DBD7CACC              
#444444        {%
#DBD7CACC       
#4D9375        endfor
#DBD7CACC       
#444444        %}
#DBD7CACC              
#444444        </
#4D9375        ul
#444444        >
#DBD7CACC              
#444444        <
#4D9375        h1
#444444        >
#DBD7CACC      My Webpage
#444444        </
#4D9375        h1
#444444        >
#DBD7CACC              
#444444        {{
#DBD7CACC       
#BD976A        a_variable
#DBD7CACC       
#444444        }}
#DBD7CACC          
#444444        </
#4D9375        body
#444444        >
#444444        </
#4D9375        html
#444444        >
#758575DD      {# From https://twig.symfony.com/doc/3.x/templates.html #}