#758575DD      // ExampleApp.vala
#4D9375        public
#DBD7CACC       
#4D9375        class
#DBD7CACC       
#5DA994        ExampleApp
#DBD7CACC       : 
#5DA994        Gtk
#DBD7CACC      .
#5DA994        Application
#DBD7CACC       {
#DBD7CACC        
#4D9375        public
#DBD7CACC       
#5DA994        ExampleApp
#DBD7CACC       () {
#DBD7CACC          
#5DA994        Object
#DBD7CACC       (
#BD976A        application_id
#DBD7CACC      : 
#C98A7D        "com.example.App"
#DBD7CACC      );
#DBD7CACC        }
#DBD7CACC        
#4D9375        public
#DBD7CACC       
#4D9375        override
#DBD7CACC       
#4D9375        void
#DBD7CACC       
#80A665        activate
#DBD7CACC       () {
#DBD7CACC          
#4D9375        var
#DBD7CACC       
#BD976A        win
#DBD7CACC       = 
#4D9375        new
#DBD7CACC       
#5DA994        Gtk
#DBD7CACC      .
#5DA994        ApplicationWindow
#DBD7CACC       (
#4D9375        this
#DBD7CACC      );
#DBD7CACC          
#4D9375        var
#DBD7CACC       
#BD976A        btn
#DBD7CACC       = 
#4D9375        new
#DBD7CACC       
#5DA994        Gtk
#DBD7CACC      .
#5DA994        Button
#DBD7CACC      .
#80A665        with_label
#DBD7CACC       (
#C98A7D        "Hello World"
#DBD7CACC      );
#DBD7CACC          
#BD976A        btn
#DBD7CACC      .
#BD976A        clicked
#DBD7CACC      .
#80A665        connect
#DBD7CACC       (
#BD976A        win
#DBD7CACC      .
#BD976A        close
#DBD7CACC      );
#DBD7CACC          
#BD976A        win
#DBD7CACC      .
#BD976A        child
#DBD7CACC       = 
#BD976A        btn
#DBD7CACC      ;
#DBD7CACC          
#BD976A        win
#DBD7CACC      .
#80A665        present
#DBD7CACC       ();
#DBD7CACC        }
#DBD7CACC        
#4D9375        public
#DBD7CACC       
#4D9375        static
#DBD7CACC       
#4D9375        int
#DBD7CACC       
#80A665        main
#DBD7CACC       (
#4D9375        string
#DBD7CACC      [] 
#BD976A        args
#DBD7CACC      ) {
#DBD7CACC          
#4D9375        var
#DBD7CACC       
#BD976A        app
#DBD7CACC       = 
#4D9375        new
#DBD7CACC       
#5DA994        ExampleApp
#DBD7CACC       ();
#DBD7CACC          
#4D9375        return
#DBD7CACC       
#BD976A        app
#DBD7CACC      .
#80A665        run
#DBD7CACC       (
#BD976A        args
#DBD7CACC      );
#DBD7CACC        }
#DBD7CACC      }
#758575DD      // From https://vala.dev/