#DBD7CACC      storedData
#444444        :
#DBD7CACC       
#B8A965        public
#444444        (
#B8A965        int128
#444444        )
#444444        @
#B8A965        external
#CB7676        def
#DBD7CACC       
#80A665        __init__
#444444        (
#DBD7CACC      _x
#444444        :
#DBD7CACC       
#B8A965        int128
#444444        ):
#DBD7CACC        
#C99076        self
#444444        .
#DBD7CACC      storedData 
#444444        =
#DBD7CACC       _x
#444444        @
#B8A965        external
#CB7676        def
#DBD7CACC       
#B8A965        set
#444444        (
#DBD7CACC      _x
#444444        :
#DBD7CACC       
#B8A965        int128
#444444        ):
#DBD7CACC        
#C99076        self
#444444        .
#DBD7CACC      storedData 
#444444        =
#DBD7CACC       _x
#758575DD      # https://github.com/vyperlang/vyper/blob/master/examples/storage/storage.vy