#444444        {{
#4D9375        short description
#CB7676        |
#DBD7CACC      JavaScript runtime environment
#444444        }}
#444444        {{
#4D9375        Infobox software
#CB7676        |
#DBD7CACC       
#BD976A        name                   
#CB7676        =
#DBD7CACC       Node.js
#CB7676        |
#DBD7CACC       
#BD976A        logo                   
#CB7676        =
#DBD7CACC       Node.js logo.svg
#CB7676        |
#DBD7CACC       
#BD976A        author                 
#CB7676        =
#DBD7CACC       
#444444        [[
#BD976A        Ryan Dahl
#444444        ]]
#CB7676        |
#DBD7CACC       
#BD976A        developer              
#CB7676        =
#DBD7CACC       
#444444        [[
#BD976A        OpenJS Foundation
#444444        ]]
#CB7676        |
#DBD7CACC       
#BD976A        released               
#CB7676        =
#DBD7CACC       
#444444        {{
#4D9375        Start date and age
#CB7676        |
#DBD7CACC      2009
#CB7676        |
#DBD7CACC      05
#CB7676        |
#DBD7CACC      27
#444444        }}<
#4D9375        ref
#444444        >{{
#4D9375        cite web
#DBD7CACC        
#CB7676        |
#DBD7CACC       
#BD976A        url
#CB7676        =
#DBD7CACC      https://github.com/joyent/node/tags?after=v0.0.4
#DBD7CACC        
#CB7676        |
#DBD7CACC       
#BD976A        access-date 
#CB7676        =
#DBD7CACC       2 August 2014
#CB7676        |
#BD976A        title
#CB7676        =
#DBD7CACC      node-v0.x-archive on GitHub
#CB7676        |
#DBD7CACC       
#BD976A        website 
#CB7676        =
#DBD7CACC       
#444444        [[
#BD976A        GitHub
#444444        ]]
#444444        }}</
#4D9375        ref
#444444        >
#CB7676        |
#DBD7CACC       
#BD976A        latest release version 
#CB7676        =
#DBD7CACC       
#444444        {{
#4D9375        wikidata
#CB7676        |
#DBD7CACC      property
#CB7676        |
#DBD7CACC      edit
#CB7676        |
#DBD7CACC      qualifier
#CB7676        |
#BD976A        P548
#CB7676        =
#DBD7CACC      Q2804309
#CB7676        |
#DBD7CACC      reference
#CB7676        |
#DBD7CACC      P348
#444444        }}
#CB7676        |
#DBD7CACC       
#BD976A        latest release date    
#CB7676        =
#DBD7CACC       
#444444        {{
#4D9375        start date and age
#CB7676        |
#444444        {{
#4D9375        wikidata
#CB7676        |
#DBD7CACC      qualifier
#CB7676        |
#DBD7CACC      mdy
#CB7676        |
#BD976A        P548
#CB7676        =
#DBD7CACC      Q2804309
#CB7676        |
#DBD7CACC      P348
#CB7676        |
#DBD7CACC      P577
#444444        }}}}
#CB7676        |
#DBD7CACC       
#BD976A        programming language   
#CB7676        =
#DBD7CACC       
#444444        [[
#BD976A        JavaScript
#444444        ]]
#DBD7CACC      , 
#444444        [[
#BD976A        C++
#444444        ]]
#DBD7CACC      , 
#444444        [[
#BD976A        Python (programming language)
#CB7676        |
#C98A7D        Python
#444444        ]]
#DBD7CACC      ,
#DBD7CACC       
#444444        [[
#BD976A        C (programming language)
#CB7676        |
#C98A7D        C
#444444        ]]
#CB7676        |
#DBD7CACC       
#BD976A        operating system       
#CB7676        =
#DBD7CACC       
#444444        [[
#BD976A        z/OS
#444444        ]]
#DBD7CACC      , 
#444444        [[
#BD976A        Linux
#444444        ]]
#DBD7CACC      , 
#444444        [[
#BD976A        macOS
#444444        ]]
#DBD7CACC      , 
#444444        [[
#BD976A        Microsoft Windows
#444444        ]]
#DBD7CACC      , 
#444444        [[
#BD976A        SmartOS
#444444        ]]
#DBD7CACC      ,
#DBD7CACC       
#444444        [[
#BD976A        FreeBSD
#444444        ]]
#DBD7CACC      , 
#444444        [[
#BD976A        OpenBSD
#444444        ]]
#DBD7CACC      , 
#444444        [[
#BD976A        IBM AIX
#444444        ]]
#444444        <
#4D9375        ref
#DBD7CACC       name="supportedOS"
#444444        >{{
#4D9375        cite web
#DBD7CACC       
#CB7676        |
#BD976A        url
#CB7676        =
#DBD7CACC      https://github.com/nodejs/node/blob/master/BUILDING.md
#CB7676        |
#BD976A        title
#CB7676        =
#DBD7CACC      nodejs/node
#CB7676        |
#BD976A        website
#CB7676        =
#DBD7CACC      GitHub
#DBD7CACC       
#CB7676        |
#BD976A        date
#CB7676        =
#DBD7CACC      13 April 2022
#444444        }}</
#4D9375        ref
#444444        >
#CB7676        |
#DBD7CACC       
#BD976A        genre                  
#CB7676        =
#DBD7CACC       
#444444        [[
#BD976A        Runtime system
#CB7676        |
#C98A7D        Runtime environment
#444444        ]]
#CB7676        |
#DBD7CACC       
#BD976A        license                
#CB7676        =
#DBD7CACC       
#444444        [[
#BD976A        MIT License
#444444        ]]
#444444        <
#4D9375        ref
#444444        >{{
#4D9375        cite web
#DBD7CACC       
#CB7676        |
#BD976A        title
#CB7676        =
#DBD7CACC      node/LICENSE at master
#DBD7CACC       
#CB7676        |
#BD976A        url
#CB7676        =
#DBD7CACC      https://github.com/nodejs/node/blob/master/LICENSE
#CB7676        |
#BD976A        website
#CB7676        =
#DBD7CACC      GitHub
#DBD7CACC       
#CB7676        |
#BD976A        publisher
#CB7676        =
#DBD7CACC      Node.js Foundation
#CB7676        |
#BD976A        access-date 
#CB7676        =
#DBD7CACC       17 September 2018
#CB7676        |
#BD976A        date
#CB7676        =
#DBD7CACC      17 September 2018
#444444        }}</
#4D9375        ref
#444444        >
#DBD7CACC       
#444444        <
#4D9375        ref
#444444        >{{
#4D9375        cite web
#CB7676        |
#BD976A        title
#CB7676        =
#DBD7CACC      The MIT License
#CB7676        |
#BD976A        url
#CB7676        =
#DBD7CACC      https://opensource.org/licenses/MIT
#DBD7CACC        
#CB7676        |
#BD976A        website
#CB7676        =
#DBD7CACC      Open Source Initiative
#CB7676        |
#BD976A        access-date 
#CB7676        =
#DBD7CACC       17 September 2018
#CB7676        |
#BD976A        date
#CB7676        =
#DBD7CACC      17 September 2018
#444444        }}</
#4D9375        ref
#444444        >
#444444        }}
#DBD7CACC      '''Node.js'''
#DBD7CACC       is a 
#444444        [[
#BD976A        cross-platform
#444444        ]]
#DBD7CACC      , 
#444444        [[
#BD976A        Open-source software
#CB7676        |
#C98A7D        open-source
#444444        ]]
#DBD7CACC       
#444444        [[
#BD976A        JavaScript
#444444        ]]
#444444        [[
#BD976A        Runtime environment
#CB7676        |
#C98A7D        runtime environment
#444444        ]]
#DBD7CACC       that can run on 
#444444        [[
#BD976A        Microsoft Windows
#CB7676        |
#C98A7D        Windows
#444444        ]]
#DBD7CACC      ,
#444444        [[
#BD976A        Linux
#444444        ]]
#DBD7CACC      , 
#444444        [[
#BD976A        Unix
#444444        ]]
#DBD7CACC      , 
#444444        [[
#BD976A        macOS
#444444        ]]
#DBD7CACC      , and more. Node.js runs on the 
#444444        [[
#BD976A        V8 (JavaScript engine)
#CB7676        |
#C98A7D        V8
#444444        ]]
#444444        [[
#BD976A        JavaScript engine
#444444        ]]
#DBD7CACC      , and executes JavaScript code outside a 
#444444        [[
#BD976A        web browser
#444444        ]]
#DBD7CACC      .
#DBD7CACC      <!-- From https://en.wikipedia.org/w/index.php?title=Node.js&oldid=1221374117 -->