#444444        <?
#4D9375        xml
#BD976A         version
#DBD7CACC      =
#C98A7D77      "
#C98A7D        1.0
#C98A7D77      "
#444444        ?>
#444444        <
#4D9375        catalog
#444444        >
#DBD7CACC         
#444444        <
#4D9375        book
#DBD7CACC       
#BD976A        id
#DBD7CACC      =
#C98A7D77      "
#C98A7D        bk101
#C98A7D77      "
#444444        >
#DBD7CACC            
#444444        <
#4D9375        author
#444444        >
#DBD7CACC      Gambardella, Matthew
#444444        </
#4D9375        author
#444444        >
#DBD7CACC            
#444444        <
#4D9375        title
#444444        >
#DBD7CACC      XML Developer's Guide
#444444        </
#4D9375        title
#444444        >
#DBD7CACC            
#444444        <
#4D9375        genre
#444444        >
#DBD7CACC      Computer
#444444        </
#4D9375        genre
#444444        >
#DBD7CACC            
#444444        <
#4D9375        price
#444444        >
#DBD7CACC      44.95
#444444        </
#4D9375        price
#444444        >
#DBD7CACC            
#444444        <
#4D9375        publish_date
#444444        >
#DBD7CACC      2000-10-01
#444444        </
#4D9375        publish_date
#444444        >
#DBD7CACC            
#444444        <
#4D9375        description
#444444        >
#DBD7CACC      An in-depth look at creating applications
#DBD7CACC            with XML.
#444444        </
#4D9375        description
#444444        >
#DBD7CACC         
#444444        </
#4D9375        book
#444444        >
#DBD7CACC         
#444444        <
#4D9375        book
#DBD7CACC       
#BD976A        id
#DBD7CACC      =
#C98A7D77      "
#C98A7D        bk102
#C98A7D77      "
#444444        >
#DBD7CACC            
#444444        <
#4D9375        author
#444444        >
#DBD7CACC      Ralls, Kim
#444444        </
#4D9375        author
#444444        >
#DBD7CACC            
#444444        <
#4D9375        title
#444444        >
#DBD7CACC      Midnight Rain
#444444        </
#4D9375        title
#444444        >
#DBD7CACC            
#444444        <
#4D9375        genre
#444444        >
#DBD7CACC      Fantasy
#444444        </
#4D9375        genre
#444444        >
#DBD7CACC            
#444444        <
#4D9375        price
#444444        >
#DBD7CACC      5.95
#444444        </
#4D9375        price
#444444        >
#DBD7CACC            
#444444        <
#4D9375        publish_date
#444444        >
#DBD7CACC      2000-12-16
#444444        </
#4D9375        publish_date
#444444        >
#DBD7CACC            
#444444        <
#4D9375        description
#444444        >
#DBD7CACC      A former architect battles corporate zombies,
#DBD7CACC            an evil sorceress, and her own childhood to become queen
#DBD7CACC            of the world.
#444444        </
#4D9375        description
#444444        >
#DBD7CACC         
#444444        </
#4D9375        book
#444444        >
#DBD7CACC         
#444444        <
#4D9375        book
#DBD7CACC       
#BD976A        id
#DBD7CACC      =
#C98A7D77      "
#C98A7D        bk103
#C98A7D77      "
#444444        >
#DBD7CACC            
#444444        <
#4D9375        author
#444444        >
#DBD7CACC      Corets, Eva
#444444        </
#4D9375        author
#444444        >
#DBD7CACC            
#444444        <
#4D9375        title
#444444        >
#DBD7CACC      Maeve Ascendant
#444444        </
#4D9375        title
#444444        >
#DBD7CACC            
#444444        <
#4D9375        genre
#444444        >
#DBD7CACC      Fantasy
#444444        </
#4D9375        genre
#444444        >
#DBD7CACC            
#444444        <
#4D9375        price
#444444        >
#DBD7CACC      5.95
#444444        </
#4D9375        price
#444444        >
#DBD7CACC            
#444444        <
#4D9375        publish_date
#444444        >
#DBD7CACC      2000-11-17
#444444        </
#4D9375        publish_date
#444444        >
#DBD7CACC            
#444444        <
#4D9375        description
#444444        >
#DBD7CACC      After the collapse of a nanotechnology
#DBD7CACC            society in England, the young survivors lay the
#DBD7CACC            foundation for a new society.
#444444        </
#4D9375        description
#444444        >
#DBD7CACC         
#444444        </
#4D9375        book
#444444        >
#DBD7CACC         
#444444        <
#4D9375        book
#DBD7CACC       
#BD976A        id
#DBD7CACC      =
#C98A7D77      "
#C98A7D        bk104
#C98A7D77      "
#444444        >
#DBD7CACC            
#444444        <
#4D9375        author
#444444        >
#DBD7CACC      Corets, Eva
#444444        </
#4D9375        author
#444444        >
#DBD7CACC            
#444444        <
#4D9375        title
#444444        >
#DBD7CACC      Oberon's Legacy
#444444        </
#4D9375        title
#444444        >
#DBD7CACC            
#444444        <
#4D9375        genre
#444444        >
#DBD7CACC      Fantasy
#444444        </
#4D9375        genre
#444444        >
#DBD7CACC            
#444444        <
#4D9375        price
#444444        >
#DBD7CACC      5.95
#444444        </
#4D9375        price
#444444        >
#DBD7CACC            
#444444        <
#4D9375        publish_date
#444444        >
#DBD7CACC      2001-03-10
#444444        </
#4D9375        publish_date
#444444        >
#DBD7CACC            
#444444        <
#4D9375        description
#444444        >
#DBD7CACC      In post-apocalypse England, the mysterious
#DBD7CACC            agent known only as Oberon helps to create a new life
#DBD7CACC            for the inhabitants of London. Sequel to Maeve
#DBD7CACC            Ascendant.
#444444        </
#4D9375        description
#444444        >
#DBD7CACC         
#444444        </
#4D9375        book
#444444        >
#DBD7CACC         
#444444        <
#4D9375        book
#DBD7CACC       
#BD976A        id
#DBD7CACC      =
#C98A7D77      "
#C98A7D        bk105
#C98A7D77      "
#444444        >
#DBD7CACC            
#444444        <
#4D9375        author
#444444        >
#DBD7CACC      Corets, Eva
#444444        </
#4D9375        author
#444444        >
#DBD7CACC            
#444444        <
#4D9375        title
#444444        >
#DBD7CACC      The Sundered Grail
#444444        </
#4D9375        title
#444444        >
#DBD7CACC            
#444444        <
#4D9375        genre
#444444        >
#DBD7CACC      Fantasy
#444444        </
#4D9375        genre
#444444        >
#DBD7CACC            
#444444        <
#4D9375        price
#444444        >
#DBD7CACC      5.95
#444444        </
#4D9375        price
#444444        >
#DBD7CACC            
#444444        <
#4D9375        publish_date
#444444        >
#DBD7CACC      2001-09-10
#444444        </
#4D9375        publish_date
#444444        >
#DBD7CACC            
#444444        <
#4D9375        description
#444444        >
#DBD7CACC      The two daughters of Maeve, half-sisters,
#DBD7CACC            battle one another for control of England. Sequel to
#DBD7CACC            Oberon's Legacy.
#444444        </
#4D9375        description
#444444        >
#DBD7CACC         
#444444        </
#4D9375        book
#444444        >
#DBD7CACC         
#444444        <
#4D9375        book
#DBD7CACC       
#BD976A        id
#DBD7CACC      =
#C98A7D77      "
#C98A7D        bk106
#C98A7D77      "
#444444        >
#DBD7CACC            
#444444        <
#4D9375        author
#444444        >
#DBD7CACC      Randall, Cynthia
#444444        </
#4D9375        author
#444444        >
#DBD7CACC            
#444444        <
#4D9375        title
#444444        >
#DBD7CACC      Lover Birds
#444444        </
#4D9375        title
#444444        >
#DBD7CACC            
#444444        <
#4D9375        genre
#444444        >
#DBD7CACC      Romance
#444444        </
#4D9375        genre
#444444        >
#DBD7CACC            
#444444        <
#4D9375        price
#444444        >
#DBD7CACC      4.95
#444444        </
#4D9375        price
#444444        >
#DBD7CACC            
#444444        <
#4D9375        publish_date
#444444        >
#DBD7CACC      2000-09-02
#444444        </
#4D9375        publish_date
#444444        >
#DBD7CACC            
#444444        <
#4D9375        description
#444444        >
#DBD7CACC      When Carla meets Paul at an ornithology
#DBD7CACC            conference, tempers fly as feathers get ruffled.
#444444        </
#4D9375        description
#444444        >
#DBD7CACC         
#444444        </
#4D9375        book
#444444        >
#DBD7CACC         
#444444        <
#4D9375        book
#DBD7CACC       
#BD976A        id
#DBD7CACC      =
#C98A7D77      "
#C98A7D        bk107
#C98A7D77      "
#444444        >
#DBD7CACC            
#444444        <
#4D9375        author
#444444        >
#DBD7CACC      Thurman, Paula
#444444        </
#4D9375        author
#444444        >
#DBD7CACC            
#444444        <
#4D9375        title
#444444        >
#DBD7CACC      Splish Splash
#444444        </
#4D9375        title
#444444        >
#DBD7CACC            
#444444        <
#4D9375        genre
#444444        >
#DBD7CACC      Romance
#444444        </
#4D9375        genre
#444444        >
#DBD7CACC            
#444444        <
#4D9375        price
#444444        >
#DBD7CACC      4.95
#444444        </
#4D9375        price
#444444        >
#DBD7CACC            
#444444        <
#4D9375        publish_date
#444444        >
#DBD7CACC      2000-11-02
#444444        </
#4D9375        publish_date
#444444        >
#DBD7CACC            
#444444        <
#4D9375        description
#444444        >
#DBD7CACC      A deep sea diver finds true love twenty
#DBD7CACC            thousand leagues beneath the sea.
#444444        </
#4D9375        description
#444444        >
#DBD7CACC         
#444444        </
#4D9375        book
#444444        >
#DBD7CACC         
#444444        <
#4D9375        book
#DBD7CACC       
#BD976A        id
#DBD7CACC      =
#C98A7D77      "
#C98A7D        bk108
#C98A7D77      "
#444444        >
#DBD7CACC            
#444444        <
#4D9375        author
#444444        >
#DBD7CACC      Knorr, Stefan
#444444        </
#4D9375        author
#444444        >
#DBD7CACC            
#444444        <
#4D9375        title
#444444        >
#DBD7CACC      Creepy Crawlies
#444444        </
#4D9375        title
#444444        >
#DBD7CACC            
#444444        <
#4D9375        genre
#444444        >
#DBD7CACC      Horror
#444444        </
#4D9375        genre
#444444        >
#DBD7CACC            
#444444        <
#4D9375        price
#444444        >
#DBD7CACC      4.95
#444444        </
#4D9375        price
#444444        >
#DBD7CACC            
#444444        <
#4D9375        publish_date
#444444        >
#DBD7CACC      2000-12-06
#444444        </
#4D9375        publish_date
#444444        >
#DBD7CACC            
#444444        <
#4D9375        description
#444444        >
#DBD7CACC      An anthology of horror stories about roaches,
#DBD7CACC            centipedes, scorpions  and other insects.
#444444        </
#4D9375        description
#444444        >
#DBD7CACC         
#444444        </
#4D9375        book
#444444        >
#DBD7CACC         
#444444        <
#4D9375        book
#DBD7CACC       
#BD976A        id
#DBD7CACC      =
#C98A7D77      "
#C98A7D        bk109
#C98A7D77      "
#444444        >
#DBD7CACC            
#444444        <
#4D9375        author
#444444        >
#DBD7CACC      Kress, Peter
#444444        </
#4D9375        author
#444444        >
#DBD7CACC            
#444444        <
#4D9375        title
#444444        >
#DBD7CACC      Paradox Lost
#444444        </
#4D9375        title
#444444        >
#DBD7CACC            
#444444        <
#4D9375        genre
#444444        >
#DBD7CACC      Science Fiction
#444444        </
#4D9375        genre
#444444        >
#DBD7CACC            
#444444        <
#4D9375        price
#444444        >
#DBD7CACC      6.95
#444444        </
#4D9375        price
#444444        >
#DBD7CACC            
#444444        <
#4D9375        publish_date
#444444        >
#DBD7CACC      2000-11-02
#444444        </
#4D9375        publish_date
#444444        >
#DBD7CACC            
#444444        <
#4D9375        description
#444444        >
#DBD7CACC      After an inadvertant trip through a Heisenberg
#DBD7CACC            Uncertainty Device, James Salway discovers the problems
#DBD7CACC            of being quantum.
#444444        </
#4D9375        description
#444444        >
#DBD7CACC         
#444444        </
#4D9375        book
#444444        >
#DBD7CACC         
#444444        <
#4D9375        book
#DBD7CACC       
#BD976A        id
#DBD7CACC      =
#C98A7D77      "
#C98A7D        bk110
#C98A7D77      "
#444444        >
#DBD7CACC            
#444444        <
#4D9375        author
#444444        >
#DBD7CACC      O'Brien, Tim
#444444        </
#4D9375        author
#444444        >
#DBD7CACC            
#444444        <
#4D9375        title
#444444        >
#DBD7CACC      Microsoft .NET: The Programming Bible
#444444        </
#4D9375        title
#444444        >
#DBD7CACC            
#444444        <
#4D9375        genre
#444444        >
#DBD7CACC      Computer
#444444        </
#4D9375        genre
#444444        >
#DBD7CACC            
#444444        <
#4D9375        price
#444444        >
#DBD7CACC      36.95
#444444        </
#4D9375        price
#444444        >
#DBD7CACC            
#444444        <
#4D9375        publish_date
#444444        >
#DBD7CACC      2000-12-09
#444444        </
#4D9375        publish_date
#444444        >
#DBD7CACC            
#444444        <
#4D9375        description
#444444        >
#DBD7CACC      Microsoft's .NET initiative is explored in
#DBD7CACC            detail in this deep programmer's reference.
#444444        </
#4D9375        description
#444444        >
#DBD7CACC         
#444444        </
#4D9375        book
#444444        >
#DBD7CACC         
#444444        <
#4D9375        book
#DBD7CACC       
#BD976A        id
#DBD7CACC      =
#C98A7D77      "
#C98A7D        bk111
#C98A7D77      "
#444444        >
#DBD7CACC            
#444444        <
#4D9375        author
#444444        >
#DBD7CACC      O'Brien, Tim
#444444        </
#4D9375        author
#444444        >
#DBD7CACC            
#444444        <
#4D9375        title
#444444        >
#DBD7CACC      MSXML3: A Comprehensive Guide
#444444        </
#4D9375        title
#444444        >
#DBD7CACC            
#444444        <
#4D9375        genre
#444444        >
#DBD7CACC      Computer
#444444        </
#4D9375        genre
#444444        >
#DBD7CACC            
#444444        <
#4D9375        price
#444444        >
#DBD7CACC      36.95
#444444        </
#4D9375        price
#444444        >
#DBD7CACC            
#444444        <
#4D9375        publish_date
#444444        >
#DBD7CACC      2000-12-01
#444444        </
#4D9375        publish_date
#444444        >
#DBD7CACC            
#444444        <
#4D9375        description
#444444        >
#DBD7CACC      The Microsoft MSXML3 parser is covered in
#DBD7CACC            detail, with attention to XML DOM interfaces, XSLT processing,
#DBD7CACC            SAX and more.
#444444        </
#4D9375        description
#444444        >
#DBD7CACC         
#444444        </
#4D9375        book
#444444        >
#DBD7CACC         
#444444        <
#4D9375        book
#DBD7CACC       
#BD976A        id
#DBD7CACC      =
#C98A7D77      "
#C98A7D        bk112
#C98A7D77      "
#444444        >
#DBD7CACC            
#444444        <
#4D9375        author
#444444        >
#DBD7CACC      Galos, Mike
#444444        </
#4D9375        author
#444444        >
#DBD7CACC            
#444444        <
#4D9375        title
#444444        >
#DBD7CACC      Visual Studio 7: A Comprehensive Guide
#444444        </
#4D9375        title
#444444        >
#DBD7CACC            
#444444        <
#4D9375        genre
#444444        >
#DBD7CACC      Computer
#444444        </
#4D9375        genre
#444444        >
#DBD7CACC            
#444444        <
#4D9375        price
#444444        >
#DBD7CACC      49.95
#444444        </
#4D9375        price
#444444        >
#DBD7CACC            
#444444        <
#4D9375        publish_date
#444444        >
#DBD7CACC      2001-04-16
#444444        </
#4D9375        publish_date
#444444        >
#DBD7CACC            
#444444        <
#4D9375        description
#444444        >
#DBD7CACC      Microsoft Visual Studio 7 is explored in depth,
#DBD7CACC            looking at how Visual Basic, Visual C++, C#, and ASP+ are
#DBD7CACC            integrated into a comprehensive development
#DBD7CACC            environment.
#444444        </
#4D9375        description
#444444        >
#DBD7CACC         
#444444        </
#4D9375        book
#444444        >
#444444        </
#4D9375        catalog
#444444        >
#758575DD      <!-- From https://learn.microsoft.com/en-us/previous-versions/windows/desktop/ms762271(v=vs.85) -->